components/ui/Globe.tsx(67,20): error TS2554: Expected 1 arguments, but got 0.
components/ui/MovingBorders.tsx(86,19): error TS2554: Expected 1 arguments, but got 0.
